Script started on Tue Jun  7 22:54:49 2016
$ 
$ 
$ echo hw1q3.1
hw1q3.1
$ 
$ 
$ cd 
$ pwd
/usr/home/mgeiger
$ 
$ 
$ echo hw1q3.2
hw1q3.2
$ 
$ 
$ mkdir wilkh  d
$ 
$ 
$ echo hw1q3.3
hw1q3.3
$ 
$ 
$ cd wild
$ pwd
/usr/home/mgeiger/wild
$ 
$ 
$ echo hw1q3.4
hw1q3.4
$ 
$ 
$ pwd
/usr/home/mgeiger/wild
$ 
$ 
$ echo hw1q3.5
hw1q3.5
$ 
$ 
$ touch intro notea noteb notex ref1 ref2 ref3 re    section1 section2 section3
$ touch section4x section h  4y section  4z
$ ls
intro      noteb      ref1       ref3       section2   section4x  section4z
notea      notex      ref2       section1   section3   section4y
$ 
$ 
$ echo hw1q3.6
hw1q3.6
$ 
$ 
$ ls set ction*
section1   section2   section3   section4x  section4y  section4z
$ 
$ 
$ echo hw1q3.7
hw1q3.7
$ 
$ 
$ ls section?
section1  section2  section3
$ 
$ 
$ echo hw1q3.8
hw1q3.8
$ 
$ 
$ ls intro*
intro
$ 
$ 
$ 
$ echo hw1q3.9
hw1q3.9
$ 
$ 
$ ls *[1,3]
ref1      ref3      section1  section3
$ 
$ 
$ echo hw1q3.10
hw1q3.10
$ 
$ 
$ chmod 766 section*
$ 
$ 
$ echo hw1q3.11
hw1q3.11
$ 
$ 
$ ls -l section*
-rwxrw-rw-   1 mgeiger    users            0 Jun  7 22:56 section1
-rwxrw-rw-   1 mgeiger    users            0 Jun  7 22:56 section2
-rwxrw-rw-   1 mgeiger    users            0 Jun  7 22:56 section3
-rwxrw-rw-   1 mgeiger    users            0 Jun  7 22:56 section4x
-rwxrw-rw-   1 mgeiger    users            0 Jun  7 22:56 section4y
-rwxrw-rw-   1 mgeiger    users            0 Jun  7 22:56 section4z
$ 
$ 
$ echo hw1q3.12
hw1q3.12
$ 
$ 
$ cd ..
$ 
$ 
$ echo hw1q3.13
hw1q3.13
$ 
$ 
$ pwd
/usr/home/mgeiger
$ 
$ 
$ echo hw1q3.14
hw1q3.14
$ 
$ 
$ rm -R wild
$ 
$ 
$ echo hw1q3.15
hw1q3.15
$ 
$ 
$ ls
hw1            newerfile      newfile.txt    share
linkdir        newerfile.txt  newfiletocopy
$ echo "I was able to delete the non empty directory because I used the -R op$ ty directory because I used the -R opt                                     <ion wt ith rm"
I was able to delete the non empty directory because I used the -R option with rm
$ 
$ 
$ echo hw1q3.`6  16
hw1q3.16
$ 
$ 
$ echo "Directoryd    deleted."
Directory deleted.
$ 
$ 
$ echo hw1q3.17
hw1q3.17
$ 
$ 
$ echo "Directory delt eted."
Directory deleted.
$ 
$ 
$ echo hw1q3.1$             $ cd wild
sh: wild:  not found.
$ 
$ 
$ echo hw1q3.18
hw1q3.18
$ 
$ 
$ cc d
$ pwd
/usr/home/mgeiger
$ 
$ 
$ echo hw1q3.19
hw1q3.19
$ 
$ 
$ rm  dir wild
rmdir: wild: No such file or directory
$ 
$ 
$ rm -R wild
rm: wild non-existent
$ 
$ 
$ exit

script done on Tue Jun  7 23:04:07 2016
